// Jest Snapshot v1, https://goo.gl/fbAQLP

exports[`parser parses some_file.txt 1`] = `
Array [
  "this",
  "file",
  "contains",
  "some",
  "text",
]
`;
